{
  "output": " POLONIUS\n\n    He will come straight. Look you lay home to him:\n\n POLONIUS\n\n    He will come straight. Look you lay home to him:\n\nRead the same data? true",
  "options": {
    "mapdir": [
      [
        ".",
        "tests/wasi_test_resources/test_fs/hamlet"
      ]
    ],
    "env": [],
    "args": [],
    "dir": []
  }
}