{
  "output": "SCENE IV. The Queen's closet.\n\n    Enter QUEEN GERTRUDE and POLO",
  "options": {
    "mapdir": [
      [
        ".",
        "tests/wasi_test_resources/test_fs/hamlet"
      ]
    ],
    "env": [],
    "args": [],
    "dir": []
  }
}