{
  "output": "Hello, world!\n",
  "options": {
    "mapdir": [],
    "env": [],
    "args": [],
    "dir": []
  }
}