{
  "output": "// WASI:\n// dir: .\n\nuse std::fs;\nuse std::io::Read;\n\nfn main() {\n    let mut this_file =\n        fs::File::open(\"tests/wasi_test_resources/quine.rs\").expect(\"could not find src file\");\n    let md = this_file.metadata().unwrap();\n    let mut in_str = String::new();\n    this_file.read_to_string(&mut in_str).unwrap();\n    println!(\"{}\", in_str);\n}\n\n",
  "options": {
    "mapdir": [],
    "env": [],
    "args": [],
    "dir": [
      "."
    ]
  }
}