{
  "output": "../act1/scene2.txt\nSCENE II. A room of state in the castle.\n\n    Enter KING CLAUDIUS, QUEEN GERTRUDE, HAMLET, POLONIUS, LAERTES, VOLTIMAND, CORNELI\n",
  "options": {
    "mapdir": [
      [
        ".",
        "tests/wasi_test_resources/test_fs/hamlet"
      ]
    ],
    "env": [],
    "args": [],
    "dir": []
  }
}