{
  "output": "abcdefghijklmnopqrstuvwxyz\nfile is gone\n",
  "options": {
    "mapdir": [
      [
        "act1",
        "tests/wasi_test_resources/test_fs/hamlet/act1"
      ],
      [
        "act2",
        "tests/wasi_test_resources/test_fs/hamlet/act2"
      ],
      [
        "act1-again",
        "tests/wasi_test_resources/test_fs/hamlet/act1"
      ]
    ],
    "env": [],
    "args": [],
    "dir": []
  }
}