{
  "output": "is dir: false\nfiletype: false true false\nfile info: 493\n",
  "options": {
    "mapdir": [],
    "env": [],
    "args": [],
    "dir": [
      "."
    ]
  }
}