{
  "output": "Reading the parent directory was okay? false\n",
  "options": {
    "mapdir": [],
    "env": [],
    "args": [],
    "dir": []
  }
}