{
  "output": "ACT V\nSCENE I. A churchyard.\n\n    Enter two Clowns, with spades,\nACT V\nSCENE I. A churchyard.\n\n    Enter two Clowns, with spades,\nPath still exists\n",
  "options": {
    "mapdir": [
      [
        "act5",
        "tests/wasi_test_resources/test_fs/hamlet/act5"
      ],
      [
        "temp",
        "tests/wasi_test_resources/test_fs/temp"
      ]
    ],
    "env": [],
    "args": [],
    "dir": []
  }
}